\BOOKMARK [1][-]{section.1}{\376\377\000I\000n\000v\000e\000s\000t\000m\000e\000n\000t\000\040\000T\000h\000e\000s\000i\000s}{}% 1
\BOOKMARK [2][-]{subsection.1.1}{\376\377\000T\000h\000e\000\040\000O\000p\000p\000o\000r\000t\000u\000n\000i\000t\000y}{section.1}% 2
\BOOKMARK [2][-]{subsection.1.2}{\376\377\000M\000a\000r\000k\000e\000t\000\040\000C\000o\000m\000p\000a\000r\000i\000s\000o\000n}{section.1}% 3
\BOOKMARK [2][-]{subsection.1.3}{\376\377\000W\000h\000y\000\040\000N\000o\000w}{section.1}% 4
\BOOKMARK [2][-]{subsection.1.4}{\376\377\000V\000a\000l\000u\000e\000\040\000A\000c\000c\000r\000u\000a\000l\000\040\000M\000e\000c\000h\000a\000n\000i\000c\000s}{section.1}% 5
\BOOKMARK [1][-]{section.2}{\376\377\000I\000n\000t\000r\000o\000d\000u\000c\000t\000i\000o\000n}{}% 6
\BOOKMARK [2][-]{subsection.2.1}{\376\377\000T\000h\000e\000\040\000D\000i\000g\000i\000t\000a\000l\000\040\000G\000o\000l\000d\000\040\000P\000a\000r\000a\000d\000i\000g\000m}{section.2}% 7
\BOOKMARK [2][-]{subsection.2.2}{\376\377\000V\000i\000s\000i\000o\000n\000\040\000a\000n\000d\000\040\000M\000i\000s\000s\000i\000o\000n}{section.2}% 8
\BOOKMARK [1][-]{section.3}{\376\377\000K\000e\000c\000c\000a\000k\000C\000o\000l\000l\000i\000s\000i\000o\000n\000:\000\040\000A\000\040\000N\000o\000v\000e\000l\000\040\000M\000i\000n\000i\000n\000g\000\040\000A\000l\000g\000o\000r\000i\000t\000h\000m}{}% 9
\BOOKMARK [2][-]{subsection.3.1}{\376\377\000T\000e\000c\000h\000n\000i\000c\000a\000l\000\040\000I\000n\000n\000o\000v\000a\000t\000i\000o\000n}{section.3}% 10
\BOOKMARK [3][-]{subsubsection.3.1.1}{\376\377\000A\000l\000g\000o\000r\000i\000t\000h\000m\000\040\000S\000p\000e\000c\000i\000f\000i\000c\000a\000t\000i\000o\000n}{subsection.3.1}% 11
\BOOKMARK [2][-]{subsection.3.2}{\376\377\000A\000S\000I\000C\000\040\000R\000e\000s\000i\000s\000t\000a\000n\000c\000e}{section.3}% 12
\BOOKMARK [2][-]{subsection.3.3}{\376\377\000O\000n\000-\000C\000h\000a\000i\000n\000\040\000V\000e\000r\000i\000f\000i\000c\000a\000t\000i\000o\000n}{section.3}% 13
\BOOKMARK [1][-]{section.4}{\376\377\000T\000o\000k\000e\000n\000o\000m\000i\000c\000s}{}% 14
\BOOKMARK [2][-]{subsection.4.1}{\376\377\000D\000e\000s\000i\000g\000n\000e\000d\000\040\000f\000o\000r\000\040\000S\000c\000a\000r\000c\000i\000t\000y}{section.4}% 15
\BOOKMARK [2][-]{subsection.4.2}{\376\377\000A\000g\000g\000r\000e\000s\000s\000i\000v\000e\000\040\000E\000m\000i\000s\000s\000i\000o\000n\000\040\000R\000e\000d\000u\000c\000t\000i\000o\000n}{section.4}% 16
\BOOKMARK [2][-]{subsection.4.3}{\376\377\000F\000a\000i\000r\000\040\000L\000a\000u\000n\000c\000h\000\040\000A\000d\000v\000a\000n\000t\000a\000g\000e}{section.4}% 17
\BOOKMARK [2][-]{subsection.4.4}{\376\377\000D\000i\000f\000f\000i\000c\000u\000l\000t\000y\000\040\000A\000d\000j\000u\000s\000t\000m\000e\000n\000t}{section.4}% 18
\BOOKMARK [2][-]{subsection.4.5}{\376\377\000S\000e\000l\000f\000-\000F\000u\000n\000d\000i\000n\000g\000\040\000T\000r\000e\000a\000s\000u\000r\000y}{section.4}% 19
\BOOKMARK [1][-]{section.5}{\376\377\0004\000-\000S\000t\000a\000g\000e\000\040\000D\000e\000p\000l\000o\000y\000m\000e\000n\000t\000\040\000A\000r\000c\000h\000i\000t\000e\000c\000t\000u\000r\000e}{}% 20
\BOOKMARK [2][-]{subsection.5.1}{\376\377\000P\000r\000o\000g\000r\000e\000s\000s\000i\000v\000e\000\040\000D\000e\000c\000e\000n\000t\000r\000a\000l\000i\000z\000a\000t\000i\000o\000n}{section.5}% 21
\BOOKMARK [2][-]{subsection.5.2}{\376\377\000S\000t\000a\000g\000e\000\040\0001\000:\000\040\000E\000t\000h\000e\000r\000e\000u\000m\000\040\000F\000o\000u\000n\000d\000a\000t\000i\000o\000n}{section.5}% 22
\BOOKMARK [2][-]{subsection.5.3}{\376\377\000S\000t\000a\000g\000e\000\040\0002\000:\000\040\000P\000o\000l\000y\000g\000o\000n\000\040\000I\000n\000t\000e\000g\000r\000a\000t\000i\000o\000n}{section.5}% 23
\BOOKMARK [2][-]{subsection.5.4}{\376\377\000S\000t\000a\000g\000e\000\040\0003\000:\000\040\000M\000u\000l\000t\000i\000-\000C\000h\000a\000i\000n\000\040\000E\000x\000p\000a\000n\000s\000i\000o\000n}{section.5}% 24
\BOOKMARK [2][-]{subsection.5.5}{\376\377\000S\000t\000a\000g\000e\000\040\0004\000:\000\040\000F\000e\000d\000e\000r\000a\000t\000e\000d\000\040\000M\000i\000n\000i\000n\000g}{section.5}% 25
\BOOKMARK [1][-]{section.6}{\376\377\000S\000m\000a\000r\000t\000\040\000C\000o\000n\000t\000r\000a\000c\000t\000\040\000A\000r\000c\000h\000i\000t\000e\000c\000t\000u\000r\000e}{}% 26
\BOOKMARK [2][-]{subsection.6.1}{\376\377\000S\000e\000c\000u\000r\000i\000t\000y\000-\000F\000i\000r\000s\000t\000\040\000D\000e\000s\000i\000g\000n}{section.6}% 27
\BOOKMARK [2][-]{subsection.6.2}{\376\377\000C\000o\000r\000e\000\040\000C\000o\000n\000t\000r\000a\000c\000t\000s}{section.6}% 28
\BOOKMARK [3][-]{subsubsection.6.2.1}{\376\377\000E\000v\000m\000o\000r\000e\000T\000o\000k\000e\000n\000.\000v\000y}{subsection.6.2}% 29
\BOOKMARK [3][-]{subsubsection.6.2.2}{\376\377\000K\000e\000c\000c\000a\000k\000C\000o\000l\000l\000i\000s\000i\000o\000n\000V\000e\000r\000i\000f\000i\000e\000r\000.\000v\000y}{subsection.6.2}% 30
\BOOKMARK [2][-]{subsection.6.3}{\376\377\000S\000e\000c\000u\000r\000i\000t\000y\000\040\000A\000u\000d\000i\000t\000\040\000R\000e\000s\000u\000l\000t\000s}{section.6}% 31
\BOOKMARK [1][-]{section.7}{\376\377\000B\000r\000i\000d\000g\000e\000\040\000I\000n\000f\000r\000a\000s\000t\000r\000u\000c\000t\000u\000r\000e}{}% 32
\BOOKMARK [2][-]{subsection.7.1}{\376\377\000C\000r\000o\000s\000s\000-\000C\000h\000a\000i\000n\000\040\000U\000t\000i\000l\000i\000t\000y}{section.7}% 33
\BOOKMARK [2][-]{subsection.7.2}{\376\377\000M\000i\000g\000r\000a\000t\000i\000o\000n\000\040\000S\000t\000r\000a\000t\000e\000g\000y}{section.7}% 34
\BOOKMARK [1][-]{section.8}{\376\377\000U\000s\000e\000\040\000C\000a\000s\000e\000s\000\040\000a\000n\000d\000\040\000U\000t\000i\000l\000i\000t\000y}{}% 35
\BOOKMARK [2][-]{subsection.8.1}{\376\377\000S\000t\000o\000r\000e\000\040\000o\000f\000\040\000V\000a\000l\000u\000e}{section.8}% 36
\BOOKMARK [2][-]{subsection.8.2}{\376\377\000D\000e\000F\000i\000\040\000I\000n\000t\000e\000g\000r\000a\000t\000i\000o\000n}{section.8}% 37
\BOOKMARK [2][-]{subsection.8.3}{\376\377\000M\000i\000n\000i\000n\000g\000\040\000E\000c\000o\000n\000o\000m\000y}{section.8}% 38
\BOOKMARK [2][-]{subsection.8.4}{\376\377\000G\000o\000v\000e\000r\000n\000a\000n\000c\000e\000\040\000P\000o\000t\000e\000n\000t\000i\000a\000l}{section.8}% 39
\BOOKMARK [1][-]{section.9}{\376\377\000T\000e\000c\000h\000n\000i\000c\000a\000l\000\040\000S\000p\000e\000c\000i\000f\000i\000c\000a\000t\000i\000o\000n\000s}{}% 40
\BOOKMARK [2][-]{subsection.9.1}{\376\377\000N\000e\000t\000w\000o\000r\000k\000\040\000P\000a\000r\000a\000m\000e\000t\000e\000r\000s}{section.9}% 41
\BOOKMARK [2][-]{subsection.9.2}{\376\377\000G\000a\000s\000\040\000O\000p\000t\000i\000m\000i\000z\000a\000t\000i\000o\000n}{section.9}% 42
\BOOKMARK [1][-]{section.10}{\376\377\000H\000o\000w\000\040\000t\000o\000\040\000P\000a\000r\000t\000i\000c\000i\000p\000a\000t\000e}{}% 43
\BOOKMARK [2][-]{subsection.10.1}{\376\377\000F\000o\000r\000\040\000T\000r\000a\000d\000e\000r\000s}{section.10}% 44
\BOOKMARK [2][-]{subsection.10.2}{\376\377\000F\000o\000r\000\040\000M\000i\000n\000e\000r\000s}{section.10}% 45
\BOOKMARK [2][-]{subsection.10.3}{\376\377\000F\000o\000r\000\040\000D\000e\000v\000e\000l\000o\000p\000e\000r\000s}{section.10}% 46
\BOOKMARK [2][-]{subsection.10.4}{\376\377\000F\000o\000r\000\040\000C\000o\000m\000m\000u\000n\000i\000t\000i\000e\000s}{section.10}% 47
\BOOKMARK [1][-]{section.11}{\376\377\000R\000o\000a\000d\000m\000a\000p}{}% 48
\BOOKMARK [2][-]{subsection.11.1}{\376\377\000P\000h\000a\000s\000e\000\040\0001\000:\000\040\000L\000a\000u\000n\000c\000h\000\040\000\050\000S\000t\000a\000g\000e\000\040\0001\000\051}{section.11}% 49
\BOOKMARK [2][-]{subsection.11.2}{\376\377\000P\000h\000a\000s\000e\000\040\0002\000:\000\040\000E\000x\000p\000a\000n\000s\000i\000o\000n\000\040\000\050\000S\000t\000a\000g\000e\000\040\0002\000\051}{section.11}% 50
\BOOKMARK [2][-]{subsection.11.3}{\376\377\000P\000h\000a\000s\000e\000\040\0003\000:\000\040\000M\000u\000l\000t\000i\000-\000C\000h\000a\000i\000n\000\040\000\050\000S\000t\000a\000g\000e\000\040\0003\000\051}{section.11}% 51
\BOOKMARK [2][-]{subsection.11.4}{\376\377\000P\000h\000a\000s\000e\000\040\0004\000:\000\040\000F\000e\000d\000e\000r\000a\000t\000i\000o\000n\000\040\000\050\000S\000t\000a\000g\000e\000\040\0004\000\051}{section.11}% 52
\BOOKMARK [2][-]{subsection.11.5}{\376\377\000T\000e\000c\000h\000n\000i\000c\000a\000l\000\040\000M\000i\000l\000e\000s\000t\000o\000n\000e\000s\000\040\000S\000u\000m\000m\000a\000r\000y}{section.11}% 53
\BOOKMARK [1][-]{section.12}{\376\377\000C\000o\000n\000c\000l\000u\000s\000i\000o\000n}{}% 54
